🚨 AmonStrike Alert
Severity: CRITICAL
Finding: SQLi
Target: http://x.com
URL: http://x.com
Time: 2026-08-20 11:46:22
============================================================
🚨 AmonStrike Alert
Severity: CRITICAL
Finding: SQLi
Target: http://x.com
URL: http://x.com
Time: 2026-08-20 11:46:58
============================================================
🚨 AmonStrike Alert
Severity: CRITICAL
Finding: SQLi
Target: http://x.com
URL: http://x.com
Time: 2026-08-20 11:50:08
============================================================
