2026-08-20 11:46:22,151 [INFO] Job queued: [5] http://test.com (normal)
2026-08-20 11:46:22,152 [INFO] Job queued: [3] http://testjob.com (normal)
2026-08-20 11:46:22,152 [INFO] Job queued: [1] http://high.com (normal)
2026-08-20 11:46:22,152 [INFO] Job queued: [9] http://low.com (normal)
2026-08-20 11:46:22,152 [INFO] Job queued: [5] https://testco.com (normal)
2026-08-20 11:46:22,152 [INFO] Added 1 targets for TestCo
2026-08-20 11:46:58,088 [INFO] Job queued: [5] http://test.com (normal)
2026-08-20 11:46:58,089 [INFO] Job queued: [3] http://testjob.com (normal)
2026-08-20 11:46:58,089 [INFO] Job queued: [1] http://high.com (normal)
2026-08-20 11:46:58,089 [INFO] Job queued: [9] http://low.com (normal)
2026-08-20 11:46:58,089 [INFO] Job queued: [5] https://testco.com (normal)
2026-08-20 11:46:58,090 [INFO] Added 1 targets for TestCo
2026-08-20 11:50:08,807 [INFO] Job queued: [5] http://test.com (normal)
2026-08-20 11:50:08,807 [INFO] Job queued: [3] http://testjob.com (normal)
2026-08-20 11:50:08,807 [INFO] Job queued: [1] http://high.com (normal)
2026-08-20 11:50:08,808 [INFO] Job queued: [9] http://low.com (normal)
2026-08-20 11:50:08,808 [INFO] Job queued: [5] https://testco.com (normal)
2026-08-20 11:50:08,808 [INFO] Added 1 targets for TestCo
2026-08-20 14:23:53,586 [INFO] Job queued: [5] http://test.com (normal)
2026-08-20 14:23:53,587 [INFO] Job queued: [3] http://testjob.com (normal)
2026-08-20 14:23:53,587 [INFO] Job queued: [1] http://high.com (normal)
2026-08-20 14:23:53,587 [INFO] Job queued: [9] http://low.com (normal)
2026-08-20 14:23:53,587 [INFO] Job queued: [5] https://testco.com (normal)
2026-08-20 14:23:53,588 [INFO] Added 1 targets for TestCo
2026-08-20 14:29:27,270 [INFO] Job queued: [5] http://test.com (normal)
2026-08-20 14:29:27,270 [INFO] Job queued: [3] http://testjob.com (normal)
2026-08-20 14:29:27,271 [INFO] Job queued: [1] http://high.com (normal)
2026-08-20 14:29:27,271 [INFO] Job queued: [9] http://low.com (normal)
2026-08-20 14:29:27,271 [INFO] Job queued: [5] https://testco.com (normal)
2026-08-20 14:29:27,271 [INFO] Added 1 targets for TestCo
2026-08-20 14:29:46,038 [INFO] Job queued: [5] http://test.com (normal)
2026-08-20 14:29:46,038 [INFO] Job queued: [3] http://testjob.com (normal)
2026-08-20 14:29:46,038 [INFO] Job queued: [1] http://high.com (normal)
2026-08-20 14:29:46,039 [INFO] Job queued: [9] http://low.com (normal)
2026-08-20 14:29:46,039 [INFO] Job queued: [5] https://testco.com (normal)
2026-08-20 14:29:46,039 [INFO] Added 1 targets for TestCo
2026-08-20 14:30:24,378 [INFO] Job queued: [5] http://test.com (normal)
2026-08-20 14:30:24,378 [INFO] Job queued: [3] http://testjob.com (normal)
2026-08-20 14:30:24,378 [INFO] Job queued: [1] http://high.com (normal)
2026-08-20 14:30:24,378 [INFO] Job queued: [9] http://low.com (normal)
2026-08-20 14:30:24,379 [INFO] Job queued: [5] https://testco.com (normal)
2026-08-20 14:30:24,379 [INFO] Added 1 targets for TestCo
2026-08-20 17:36:45,600 [INFO] Job queued: [5] http://test.com (normal)
2026-08-20 17:36:45,601 [INFO] Job queued: [3] http://testjob.com (normal)
2026-08-20 17:36:45,601 [INFO] Job queued: [1] http://high.com (normal)
2026-08-20 17:36:45,602 [INFO] Job queued: [9] http://low.com (normal)
2026-08-20 17:36:45,602 [INFO] Job queued: [5] https://testco.com (normal)
2026-08-20 17:36:45,602 [INFO] Added 1 targets for TestCo
2026-08-20 18:02:15,865 [INFO] Job queued: [5] http://test.com (normal)
2026-08-20 18:02:15,866 [INFO] Job queued: [3] http://testjob.com (normal)
2026-08-20 18:02:15,866 [INFO] Job queued: [1] http://high.com (normal)
2026-08-20 18:02:15,866 [INFO] Job queued: [9] http://low.com (normal)
2026-08-20 18:02:15,866 [INFO] Job queued: [5] https://testco.com (normal)
2026-08-20 18:02:15,867 [INFO] Added 1 targets for TestCo
